docker exec -it todo-backend-redis-1 redis-cli
127.0.0.1:6379> script
(error) ERR wrong number of arguments for 'script' command
127.0.0.1:6379> KEYS *
1) "added_todos"
127.0.0.1:6379> GET added_todos
"12"
127.0.0.1:6379> SET added_todos 9001
OK
127.0.0.1:6379> GET added_todos
"9001"
127.0.0.1:6379>